
Memory Configuration

Name             Origin             Length             Attributes
flash            0x0000000010000000 0x00000000000000fc
*default*        0x0000000000000000 0xffffffffffffffff

Linker script and memory map

LOAD obj/Components/brs_rp2040/01.00.00/Source/notmain.o
LOAD obj/Components/brs_rp2040/01.00.00/Source/start.S
LOAD obj/Applications/FW_RP2040/Source/main.o

.text           0x0000000010000000       0x58
 *(.text*)
 .text          0x0000000010000000       0x1c obj/Components/brs_rp2040/01.00.00/Source/notmain.o
                0x0000000010000000                notmain
 .text          0x000000001000001c       0x1c obj/Components/brs_rp2040/01.00.00/Source/start.S
                0x0000000010000026                PUT32
                0x000000001000002a                GET32
                0x000000001000002e                DELAY
 .text          0x0000000010000038       0x20 obj/Applications/FW_RP2040/Source/main.o
OUTPUT(out/FW_RP2040.elf elf32-littlearm)
LOAD linker stubs

.data           0x0000000010000058        0x0
 .data          0x0000000010000058        0x0 obj/Components/brs_rp2040/01.00.00/Source/notmain.o
 .data          0x0000000010000058        0x0 obj/Components/brs_rp2040/01.00.00/Source/start.S
 .data          0x0000000010000058        0x0 obj/Applications/FW_RP2040/Source/main.o

.igot.plt       0x0000000010000058        0x0
 .igot.plt      0x0000000010000058        0x0 obj/Components/brs_rp2040/01.00.00/Source/notmain.o

.glue_7         0x0000000010000058        0x0
 .glue_7        0x0000000010000058        0x0 linker stubs

.glue_7t        0x0000000010000058        0x0
 .glue_7t       0x0000000010000058        0x0 linker stubs

.vfp11_veneer   0x0000000010000058        0x0
 .vfp11_veneer  0x0000000010000058        0x0 linker stubs

.v4_bx          0x0000000010000058        0x0
 .v4_bx         0x0000000010000058        0x0 linker stubs

.iplt           0x0000000010000058        0x0
 .iplt          0x0000000010000058        0x0 obj/Components/brs_rp2040/01.00.00/Source/notmain.o

.startup_code   0x0000000010000058       0xa4
 .startup_code  0x0000000010000058       0xa4 obj/Applications/FW_RP2040/Source/main.o
                0x0000000010000058                main

.rel.dyn        0x00000000100000fc        0x0
 .rel.iplt      0x00000000100000fc        0x0 obj/Components/brs_rp2040/01.00.00/Source/notmain.o

.bss            0x00000000100000fc        0x0
 .bss           0x00000000100000fc        0x0 obj/Components/brs_rp2040/01.00.00/Source/notmain.o
 .bss           0x00000000100000fc        0x0 obj/Components/brs_rp2040/01.00.00/Source/start.S
 .bss           0x00000000100000fc        0x0 obj/Applications/FW_RP2040/Source/main.o

.debug_info     0x0000000000000000      0x178
 .debug_info    0x0000000000000000       0x65 obj/Components/brs_rp2040/01.00.00/Source/notmain.o
 .debug_info    0x0000000000000065       0x26 obj/Components/brs_rp2040/01.00.00/Source/start.S
 .debug_info    0x000000000000008b       0xed obj/Applications/FW_RP2040/Source/main.o

.debug_abbrev   0x0000000000000000      0x110
 .debug_abbrev  0x0000000000000000       0x66 obj/Components/brs_rp2040/01.00.00/Source/notmain.o
 .debug_abbrev  0x0000000000000066       0x14 obj/Components/brs_rp2040/01.00.00/Source/start.S
 .debug_abbrev  0x000000000000007a       0x96 obj/Applications/FW_RP2040/Source/main.o

.debug_aranges  0x0000000000000000       0x68
 .debug_aranges
                0x0000000000000000       0x20 obj/Components/brs_rp2040/01.00.00/Source/notmain.o
 .debug_aranges
                0x0000000000000020       0x20 obj/Components/brs_rp2040/01.00.00/Source/start.S
 .debug_aranges
                0x0000000000000040       0x28 obj/Applications/FW_RP2040/Source/main.o

.debug_line     0x0000000000000000      0x1a3
 .debug_line    0x0000000000000000       0x73 obj/Components/brs_rp2040/01.00.00/Source/notmain.o
 .debug_line    0x0000000000000073       0x6e obj/Components/brs_rp2040/01.00.00/Source/start.S
 .debug_line    0x00000000000000e1       0xc2 obj/Applications/FW_RP2040/Source/main.o

.debug_str      0x0000000000000000      0x225
 .debug_str     0x0000000000000000       0xe4 obj/Components/brs_rp2040/01.00.00/Source/notmain.o
                                         0xe9 (size before relaxing)
 .debug_str     0x00000000000000e4       0x42 obj/Components/brs_rp2040/01.00.00/Source/start.S
                                         0x7c (size before relaxing)
 .debug_str     0x0000000000000126       0xff obj/Applications/FW_RP2040/Source/main.o
                                        0x1d7 (size before relaxing)

.comment        0x0000000000000000       0x49
 .comment       0x0000000000000000       0x49 obj/Components/brs_rp2040/01.00.00/Source/notmain.o
                                         0x4a (size before relaxing)
 .comment       0x0000000000000049       0x4a obj/Applications/FW_RP2040/Source/main.o

.ARM.attributes
                0x0000000000000000       0x2a
 .ARM.attributes
                0x0000000000000000       0x2c obj/Components/brs_rp2040/01.00.00/Source/notmain.o
 .ARM.attributes
                0x000000000000002c       0x21 obj/Components/brs_rp2040/01.00.00/Source/start.S
 .ARM.attributes
                0x000000000000004d       0x2c obj/Applications/FW_RP2040/Source/main.o

.debug_frame    0x0000000000000000       0xb0
 .debug_frame   0x0000000000000000       0x30 obj/Components/brs_rp2040/01.00.00/Source/notmain.o
 .debug_frame   0x0000000000000030       0x80 obj/Applications/FW_RP2040/Source/main.o

.debug_ranges   0x0000000000000000       0x18
 .debug_ranges  0x0000000000000000       0x18 obj/Applications/FW_RP2040/Source/main.o
